\BOOKMARK [-1][-]{part.1}{\376\377\000I\000\040\000S\000k\000u\000p\000o\000v\000i\000,\000\040\000m\000a\000t\000e\000m\000a\000t\000i\001\015\000k\000a\000\040\000l\000o\000g\000i\000k\000a\000\040\000i\000\040\000a\000l\000g\000e\000b\000a\000r\000s\000k\000e\000\040\000s\000t\000r\000u\000k\000t\000u\000r\000e}{}% 1
\BOOKMARK [0][-]{chapter.1}{\376\377\000T\000e\000o\000r\000i\000j\000a\000\040\000s\000k\000u\000p\000o\000v\000a}{part.1}% 2
\BOOKMARK [0][-]{chapter.2}{\376\377\000R\000e\000l\000a\000c\000i\000j\000e\000\040\000i\000\040\000f\000u\000n\000k\000c\000i\000j\000e}{part.1}% 3
\BOOKMARK [1][-]{section.2.1}{\376\377\000R\000e\000l\000a\000c\000i\000j\000e}{chapter.2}% 4
\BOOKMARK [2][-]{subsection.2.1.1}{\376\377\000R\000e\000l\000a\000c\000i\000j\000e\000\040\000e\000k\000v\000i\000v\000a\000l\000e\000n\000c\000i\000j\000e\000\040\000i\000\040\000p\000o\000r\000e\000t\000k\000a}{section.2.1}% 5
\BOOKMARK [2][-]{subsection.2.1.2}{\376\377\0001\000-\0001\000\040\000i\000\040\000n\000a\000\040\000f\000u\000n\000k\000c\000i\000j\000e}{section.2.1}% 6
\BOOKMARK [1][-]{section.2.2}{\376\377\000O\000p\000e\000r\000a\000c\000i\000j\000e}{chapter.2}% 7
\BOOKMARK [0][-]{chapter.3}{\376\377\000M\000a\000t\000e\000m\000a\000t\000i\001\015\000k\000a\000\040\000l\000o\000g\000i\000k\000a\000\040\000i\000\040\000f\000o\000r\000m\000a\000l\000n\000i\000\040\000s\000i\000s\000t\000e\000m\000i}{part.1}% 8
\BOOKMARK [0][-]{chapter.4}{\376\377\000A\000l\000g\000e\000b\000r\000a}{part.1}% 9
\BOOKMARK [1][-]{section.4.1}{\376\377\000Z\000b\000i\000r\000\040\000i\000\040\000r\000a\000z\000l\000i\000k\000a\000\040\000k\000u\000b\000o\000v\000a\000\040\000i\000\040\000k\000u\000b\000\040\000z\000b\000i\000r\000a\000\040\000i\000\040\000r\000a\000z\000l\000i\000k\000e}{chapter.4}% 10
\BOOKMARK [1][-]{section.4.2}{\376\377\000N\000e\000j\000e\000d\000n\000a\000k\000o\000s\000t\000i}{chapter.4}% 11
\BOOKMARK [2][-]{subsection.4.2.1}{\376\377\000S\000r\000e\000d\000i\000n\000e\000\040\000\050\000H\000n\000,\000\040\000G\000n\000,\000\040\000A\000n\000,\000\040\000K\000n\000\051}{section.4.2}% 12
\BOOKMARK [2][-]{subsection.4.2.2}{\376\377\000B\000e\000r\000n\000u\000l\000i\000j\000e\000v\000a\000\040\000n\000e\000j\000e\000d\000n\000a\000k\000o\000s\000t}{section.4.2}% 13
\BOOKMARK [2][-]{subsection.4.2.3}{\376\377\000K\000o\001\141\000i\000-\001\140\000v\000a\000r\000c\000o\000v\000a\000\040\000n\000e\000j\000e\000d\000n\000a\000k\000o\000s\000t}{section.4.2}% 14
\BOOKMARK [1][-]{section.4.3}{\376\377\000K\000o\000r\000e\000n\000o\000v\000a\000n\000j\000e}{chapter.4}% 15
\BOOKMARK [1][-]{section.4.4}{\376\377\000N\000i\000z\000o\000v\000i}{chapter.4}% 16
\BOOKMARK [2][-]{subsection.4.4.1}{\376\377\000P\000o\000z\000n\000a\000t\000e\000\040\000s\000u\000m\000e}{section.4.4}% 17
\BOOKMARK [2][-]{subsection.4.4.2}{\376\377\000A\000r\000i\000t\000m\000e\000t\000i\001\015\000k\000i\000\040\000n\000i\000z}{section.4.4}% 18
\BOOKMARK [2][-]{subsection.4.4.3}{\376\377\000G\000e\000o\000m\000e\000t\000r\000i\000j\000s\000k\000i\000\040\000n\000i\000z}{section.4.4}% 19
\BOOKMARK [1][-]{section.4.5}{\376\377\000P\000o\000l\000i\000n\000o\000m\000i}{chapter.4}% 20
\BOOKMARK [2][-]{subsection.4.5.1}{\376\377\000P\000r\000s\000t\000e\000n\000\040\000p\000o\000l\000i\000n\000o\000m\000a}{section.4.5}% 21
\BOOKMARK [2][-]{subsection.4.5.2}{\376\377\000T\000e\000o\000r\000e\000m\000a\000\040\000o\000\040\000d\000e\000l\000j\000e\000n\000j\000u\000\040\000p\000o\000l\000i\000n\000o\000m\000a}{section.4.5}% 22
\BOOKMARK [2][-]{subsection.4.5.3}{\376\377\000P\000o\000s\000l\000e\000d\000i\000c\000e\000\040\000t\000e\000o\000r\000e\000m\000e\000\040\000o\000\040\000d\000e\000l\000j\000e\000n\000j\000u\000\040\000p\000o\000l\000i\000n\000o\000m\000a}{section.4.5}% 23
\BOOKMARK [2][-]{subsection.4.5.4}{\376\377\000N\000u\000l\000e\000\040\000p\000o\000l\000i\000n\000o\000m\000a}{section.4.5}% 24
\BOOKMARK [2][-]{subsection.4.5.5}{\376\377\000I\000r\000e\000d\000u\000c\000i\000b\000i\000l\000n\000o\000s\000t\000\050\000n\000e\000s\000v\000o\000d\000l\000j\000i\000v\000o\000s\000t\000\051\000\040\000p\000o\000l\000i\000n\000o\000m\000a}{section.4.5}% 25
\BOOKMARK [0][-]{chapter.5}{\376\377\000T\000e\000o\000r\000i\000j\000a\000\040\000b\000r\000o\000j\000e\000v\000a}{part.1}% 26
\BOOKMARK [1][-]{section.5.1}{\376\377\000K\000o\000n\000g\000r\000u\000e\000n\000c\000i\000j\000a}{chapter.5}% 27
\BOOKMARK [2][-]{subsection.5.1.1}{\376\377\000M\000a\000l\000a\000\040\000F\000e\000r\000m\000a\000o\000v\000a\000\040\000t\000e\000o\000r\000e\000m\000a}{section.5.1}% 28
\BOOKMARK [2][-]{subsection.5.1.2}{\376\377\000B\000r\000o\000j\000\040\000d\000e\000l\000i\000l\000a\000c\000a}{section.5.1}% 29
\BOOKMARK [1][-]{section.5.2}{\376\377\000K\000o\000m\000p\000l\000e\000k\000s\000n\000i\000\040\000b\000r\000o\000j\000e\000v\000i}{chapter.5}% 30
\BOOKMARK [2][-]{subsection.5.2.1}{\376\377\000M\000u\000a\000v\000r\000o\000v\000a\000\040\000f\000o\000r\000m\000u\000l\000a}{section.5.2}% 31
\BOOKMARK [2][-]{subsection.5.2.2}{\376\377\000K\000o\000r\000e\000n\000\040\000k\000o\000m\000p\000l\000e\000k\000s\000n\000o\000g\000\040\000b\000r\000o\000j\000a}{section.5.2}% 32
\BOOKMARK [2][-]{subsection.5.2.3}{\376\377\000Z\000b\000i\000r\000\040\000n\000-\000t\000i\000h\000\040\000k\000o\000r\000e\000n\000a\000\040\000k\000o\000m\000p\000l\000e\000k\000s\000o\000g\000\040\000b\000r\000o\000j\000a}{section.5.2}% 33
\BOOKMARK [0][-]{chapter.6}{\376\377\000A\000p\000s\000t\000r\000a\000k\000t\000n\000a\000\040\000a\000l\000g\000e\000b\000r\000a}{part.1}% 34
\BOOKMARK [1][-]{subsection.6.0.1}{\376\377\000M\000o\000n\000o\000i\000d}{chapter.6}% 35
\BOOKMARK [2][-]{subsection.6.0.2}{\376\377\000A\000b\000e\000l\000o\000v\000a\000\040\000g\000r\000u\000p\000a}{subsection.6.0.1}% 36
\BOOKMARK [2][-]{subsection.6.0.3}{\376\377\000F\000-\000a\000l\000g\000e\000b\000r\000a}{subsection.6.0.1}% 37
\BOOKMARK [-1][-]{part.2}{\376\377\000I\000I\000\040\000D\000i\000s\000k\000r\000e\000t\000n\000a\000\040\000m\000a\000t\000e\000m\000a\000t\000i\000k\000a\000\040\000i\000\040\000t\000e\000o\000r\000i\000j\000a\000\040\000g\000r\000a\000f\000o\000v\000a}{}% 38
\BOOKMARK [0][-]{chapter.7}{\376\377\000K\000o\000m\000b\000i\000n\000a\000t\000o\000r\000i\000k\000a}{part.2}% 39
\BOOKMARK [1][-]{section.7.1}{\376\377\000P\000r\000e\000b\000r\000o\000j\000a\000v\000a\000n\000j\000a}{chapter.7}% 40
\BOOKMARK [1][-]{section.7.2}{\376\377\000B\000i\000n\000o\000m\000n\000i\000\040\000k\000o\000e\000f\000i\000c\000i\000j\000e\000n\000t\000i}{chapter.7}% 41
\BOOKMARK [2][-]{subsection.7.2.1}{\376\377\000B\000i\000n\000o\000m\000n\000i\000\040\000i\000d\000e\000n\000t\000i\000t\000e\000t\000i}{section.7.2}% 42
\BOOKMARK [2][-]{subsection.7.2.2}{\376\377\000F\000o\000r\000m\000u\000l\000a\000\040\000u\000k\000l\000j\000u\001\015\000e\000n\000j\000a\000-\000i\000s\000k\000l\000j\000u\001\015\000e\000n\000j\000a}{section.7.2}% 43
\BOOKMARK [1][-]{section.7.3}{\376\377\000I\000z\000b\000o\000r\000i\000\040\000e\000l\000e\000m\000e\000n\000a\000t\000a}{chapter.7}% 44
\BOOKMARK [1][-]{section.7.4}{\376\377\000G\000e\000n\000e\000r\000i\000s\000a\000n\000j\000e\000\040\000p\000e\000r\000m\000u\000t\000a\000c\000i\000j\000a\000\040\000i\000\040\000k\000o\000m\000b\000i\000n\000a\000c\000i\000j\000a}{chapter.7}% 45
\BOOKMARK [1][-]{section.7.5}{\376\377\000F\000u\000n\000k\000c\000i\000j\000e\000\040\000g\000e\000n\000e\000r\000a\000t\000r\000i\000s\000e}{chapter.7}% 46
\BOOKMARK [2][-]{subsection.7.5.1}{\376\377\000D\000e\000f\000i\000n\000i\000c\000i\000j\000a\000\040\000f\000u\000n\000k\000c\000i\000j\000e\000\040\000g\000e\000n\000e\000r\000a\000t\000r\000i\000s\000e}{section.7.5}% 47
\BOOKMARK [2][-]{subsection.7.5.2}{\376\377\000O\000p\000e\000r\000a\000c\000i\000j\000e\000\040\000s\000a\000\040\000f\000u\000n\000k\000c\000i\000j\000a\000m\000a\000\040\000g\000e\000n\000e\000r\000a\000t\000r\000i\000s\000a\000m\000a}{section.7.5}% 48
\BOOKMARK [1][-]{section.7.6}{\376\377\000P\000a\000r\000t\000i\000c\000i\000j\000e\000\040\000b\000r\000o\000j\000e\000v\000a}{chapter.7}% 49
\BOOKMARK [1][-]{section.7.7}{\376\377\000R\000e\000k\000u\000r\000e\000n\000t\000n\000e\000\040\000j\000e\000d\000n\000a\001\015\000i\000n\000e}{chapter.7}% 50
\BOOKMARK [2][-]{subsection.7.7.1}{\376\377\000L\000i\000n\000e\000a\000r\000n\000e\000\040\000r\000e\000k\000u\000r\000e\000n\000t\000n\000e\000\040\000j\000e\000d\000n\000a\001\015\000i\000n\000e}{section.7.7}% 51
\BOOKMARK [2][-]{subsection.7.7.2}{\376\377\000N\000e\000l\000i\000n\000e\000a\000r\000n\000e\000\040\000r\000e\000k\000u\000r\000e\000n\000t\000n\000e\000\040\000j\000e\000d\000n\000a\001\015\000i\000n\000e}{section.7.7}% 52
\BOOKMARK [1][-]{section.7.8}{\376\377\000F\000i\000b\000o\000n\000a\001\015\000i\000j\000e\000v\000i\000\040\000b\000r\000o\000j\000e\000v\000i}{chapter.7}% 53
\BOOKMARK [2][-]{subsection.7.8.1}{\376\377\000L\000u\000k\000a\000s\000o\000v\000i\000\040\000b\000r\000o\000j\000e\000v\000i}{section.7.8}% 54
\BOOKMARK [1][-]{section.7.9}{\376\377\000K\000a\000t\000a\000l\000a\000n\000o\000v\000i\000\040\000b\000r\000o\000j\000e\000v\000i}{chapter.7}% 55
\BOOKMARK [1][-]{section.7.10}{\376\377\000B\000e\000r\000n\000u\000l\000i\000j\000e\000v\000i\000\040\000b\000r\000o\000j\000e\000v\000i}{chapter.7}% 56
\BOOKMARK [0][-]{chapter.8}{\376\377\000T\000e\000o\000r\000i\000j\000a\000\040\000g\000r\000a\000f\000o\000v\000a}{part.2}% 57
\BOOKMARK [1][-]{section.8.1}{\376\377\000O\000s\000n\000o\000v\000n\000i\000\040\000p\000o\000j\000m\000o\000v\000i\000\040\000i\000\040\000t\000e\000o\000r\000e\000m\000e}{chapter.8}% 58
\BOOKMARK [2][-]{subsection.8.1.1}{\376\377\000T\000i\000p\000o\000v\000i\000\040\000g\000r\000a\000f\000o\000v\000a}{section.8.1}% 59
\BOOKMARK [2][-]{subsection.8.1.2}{\376\377\000I\000z\000o\000m\000o\000r\000f\000i\000z\000m\000i\000\040\000g\000r\000a\000f\000o\000v\000a\000\040\000i\000\040\000t\000e\000o\000r\000e\000m\000e}{section.8.1}% 60
\BOOKMARK [2][-]{subsection.8.1.3}{\376\377\001\140\000e\000t\000n\000j\000e\000,\000\040\000s\000t\000a\000z\000e\000\040\000i\000\040\000p\000u\000t\000e\000v\000i}{section.8.1}% 61
\BOOKMARK [2][-]{subsection.8.1.4}{\376\377\000N\000e\000k\000i\000\040\000g\000r\000a\000f\000o\000v\000i}{section.8.1}% 62
\BOOKMARK [2][-]{subsection.8.1.5}{\376\377\000M\000a\000t\000r\000i\001\015\000n\000e\000\040\000r\000e\000p\000r\000e\000z\000e\000n\000t\000a\000c\000i\000j\000e\000\040\000g\000r\000a\000f\000o\000v\000a}{section.8.1}% 63
\BOOKMARK [1][-]{section.8.2}{\376\377\000S\000t\000a\000b\000l\000a}{chapter.8}% 64
\BOOKMARK [2][-]{subsection.8.2.1}{\376\377\000D\000e\000f\000i\000n\000i\000c\000i\000j\000a\000\040\000i\000\040\000o\000s\000n\000o\000v\000n\000a\000\040\000s\000v\000o\000j\000s\000t\000v\000a}{section.8.2}% 65
\BOOKMARK [2][-]{subsection.8.2.2}{\376\377\000K\000o\000r\000e\000n\000s\000k\000a\000\040\000i\000\040\000r\000a\000z\000a\000p\000i\000n\000j\000u\001\007\000a\000\040\000s\000t\000a\000b\000l\000a}{section.8.2}% 66
\BOOKMARK [2][-]{subsection.8.2.3}{\376\377\000P\000r\000e\000t\000r\000a\000g\000e\000\040\000g\000r\000a\000f\000o\000v\000a}{section.8.2}% 67
\BOOKMARK [1][-]{section.8.3}{\376\377\000O\000z\000n\000a\001\015\000e\000n\000a\000\040\000s\000t\000a\000b\000l\000a}{chapter.8}% 68
\BOOKMARK [2][-]{subsection.8.3.1}{\376\377\000P\000r\000e\000b\000r\000o\000j\000a\000v\000a\000n\000j\000e\000\040\000o\000z\000n\000a\001\015\000e\000n\000i\000h\000\040\000s\000t\000a\000b\000a\000l\000a}{section.8.3}% 69
\BOOKMARK [2][-]{subsection.8.3.2}{\376\377\000K\000o\000d\000i\000r\000a\000n\000j\000e\000\040\000i\000\040\000d\000e\000k\000o\000d\000i\000r\000a\000n\000j\000e\000\040\000o\000z\000n\000a\001\015\000e\000n\000i\000h\000\040\000s\000t\000a\000b\000a\000l\000a}{section.8.3}% 70
\BOOKMARK [1][-]{section.8.4}{\376\377\000M\000i\000n\000i\000m\000a\000l\000n\000a\000\040\000r\000a\000z\000a\000p\000i\000n\000j\000u\001\007\000a\000\040\000s\000t\000a\000b\000l\000a}{chapter.8}% 71
\BOOKMARK [2][-]{subsection.8.4.1}{\376\377\000T\000e\001\176\000i\000n\000s\000k\000i\000\040\000g\000r\000a\000f\000o\000v\000i}{section.8.4}% 72
\BOOKMARK [2][-]{subsection.8.4.2}{\376\377\000K\000r\000u\000s\000k\000a\000l\000o\000v\000\040\000a\000l\000g\000o\000r\000i\000t\000a\000m}{section.8.4}% 73
\BOOKMARK [2][-]{subsection.8.4.3}{\376\377\000P\000r\000i\000m\000o\000v\000\040\000a\000l\000g\000o\000r\000i\000t\000a\000m}{section.8.4}% 74
\BOOKMARK [1][-]{section.8.5}{\376\377\000O\000j\000l\000e\000r\000o\000v\000i\000\040\000m\000u\000l\000t\000i\000g\000r\000a\000f\000o\000v\000i}{chapter.8}% 75
\BOOKMARK [2][-]{subsection.8.5.1}{\376\377\000P\000r\000o\000b\000l\000e\000m\000\040\000k\000i\000n\000e\000s\000k\000o\000g\000\040\000p\000o\001\141\000t\000a\000r\000a}{section.8.5}% 76
\BOOKMARK [1][-]{section.8.6}{\376\377\000H\000a\000m\000i\000l\000t\000o\000n\000o\000v\000i\000\040\000g\000r\000a\000f\000o\000v\000i}{chapter.8}% 77
\BOOKMARK [2][-]{subsection.8.6.1}{\376\377\000P\000r\000o\000b\000l\000e\000m\000\040\000t\000r\000g\000o\000v\000a\001\015\000k\000o\000g\000\040\000p\000u\000t\000n\000i\000k\000a}{section.8.6}% 78
\BOOKMARK [1][-]{section.8.7}{\376\377\000P\000l\000a\000n\000a\000r\000n\000i\000\040\000g\000r\000a\000f\000o\000v\000i}{chapter.8}% 79
\BOOKMARK [1][-]{section.8.8}{\376\377\000S\000p\000a\000r\000i\000v\000a\000n\000j\000a\000\040\000u\000\040\000g\000r\000a\000f\000o\000v\000i\000m\000a}{chapter.8}% 80
\BOOKMARK [1][-]{section.8.9}{\376\377\000B\000o\000j\000e\000n\000j\000e\000\040\000g\000r\000a\000f\000o\000v\000a}{chapter.8}% 81
\BOOKMARK [2][-]{subsection.8.9.1}{\376\377\000B\000o\000j\000e\000n\000j\000e\000\040\000m\000a\000p\000a}{section.8.9}% 82
\BOOKMARK [1][-]{section.8.10}{\376\377\000R\000a\000s\000t\000o\000j\000a\000n\000j\000a\000\040\000u\000\040\000u\000s\000m\000e\000r\000e\000n\000i\000m\000\040\000t\000e\001\176\000i\000n\000s\000k\000i\000m\000\040\000g\000r\000a\000f\000o\000v\000i\000m\000a}{chapter.8}% 83
\BOOKMARK [2][-]{subsection.8.10.1}{\376\377\000D\000a\000j\000k\000s\000t\000r\000i\000n\000\040\000a\000l\000g\000o\000r\000i\000t\000a\000m}{section.8.10}% 84
\BOOKMARK [2][-]{subsection.8.10.2}{\376\377\000F\000l\000o\000j\000d\000-\000V\000a\000r\001\141\000a\000l\000o\000v\000\040\000a\000l\000g\000o\000r\000i\000t\000a\000m}{section.8.10}% 85
\BOOKMARK [-1][-]{part.3}{\376\377\000I\000I\000I\000\040\000G\000e\000o\000m\000e\000t\000r\000i\000j\000a\000\040\000i\000\040\000l\000i\000n\000e\000a\000r\000n\000a\000\040\000a\000l\000g\000e\000b\000r\000a}{}% 86
\BOOKMARK [0][-]{chapter.9}{\376\377\000G\000e\000o\000m\000e\000t\000r\000i\000j\000a}{part.3}% 87
\BOOKMARK [1][-]{section.9.1}{\376\377\000T\000r\000i\000g\000o\000n\000o\000m\000e\000t\000r\000i\000j\000a}{chapter.9}% 88
\BOOKMARK [2][-]{subsection.9.1.1}{\376\377\000S\000i\000n\000u\000s\000n\000a\000\040\000t\000e\000o\000r\000e\000m\000a}{section.9.1}% 89
\BOOKMARK [2][-]{subsection.9.1.2}{\376\377\000K\000o\000s\000i\000n\000u\000s\000n\000a\000\040\000t\000e\000o\000r\000e\000m\000a}{section.9.1}% 90
\BOOKMARK [2][-]{subsection.9.1.3}{\376\377\000T\000e\000o\000r\000e\000m\000a\000\040\000o\000\040\000p\000r\000o\000j\000e\000k\000c\000i\000j\000a\000m\000a}{section.9.1}% 91
\BOOKMARK [2][-]{subsection.9.1.4}{\376\377\000A\000d\000i\000c\000i\000o\000n\000e\000\040\000f\000o\000r\000m\000u\000l\000e}{section.9.1}% 92
\BOOKMARK [2][-]{subsection.9.1.5}{\376\377\000F\000o\000r\000m\000u\000l\000e\000\040\000z\000a\000\040\000p\000o\000l\000o\000v\000i\000n\000u\000\040\000u\000g\000l\000a}{section.9.1}% 93
\BOOKMARK [2][-]{subsection.9.1.6}{\376\377\000T\000r\000a\000n\000s\000f\000o\000r\000m\000a\000c\000i\000j\000e\000\040\000p\000r\000o\000i\000z\000v\000o\000d\000a\000\040\000u\000\040\000z\000b\000i\000r}{section.9.1}% 94
\BOOKMARK [2][-]{subsection.9.1.7}{\376\377\000T\000r\000a\000n\000s\000f\000o\000r\000m\000a\000c\000i\000j\000e\000\040\000z\000b\000i\000r\000a\000\040\000u\000\040\000p\000r\000o\000i\000z\000v\000o\000d}{section.9.1}% 95
\BOOKMARK [2][-]{subsection.9.1.8}{\376\377\000M\000o\000l\000v\000a\000j\000d\000o\000v\000e\000\040\000f\000o\000r\000m\000u\000l\000e}{section.9.1}% 96
\BOOKMARK [2][-]{subsection.9.1.9}{\376\377\000T\000a\000n\000g\000e\000n\000s\000n\000a\000\040\000t\000e\000o\000r\000e\000m\000a}{section.9.1}% 97
\BOOKMARK [2][-]{subsection.9.1.10}{\376\377\000I\000n\000v\000e\000r\000z\000n\000e\000\040\000t\000r\000i\000g\000o\000n\000o\000m\000e\000t\000r\000i\000j\000s\000k\000e\000\040\000f\000u\000n\000k\000c\000i\000j\000e}{section.9.1}% 98
\BOOKMARK [2][-]{subsection.9.1.11}{\376\377\000F\000o\000r\000m\000u\000l\000e\000\040\000v\000i\001\141\000e\000s\000t\000r\000u\000k\000o\000g\000\040\000u\000g\000l\000a}{section.9.1}% 99
\BOOKMARK [2][-]{subsection.9.1.12}{\376\377\000O\000s\000t\000a\000l\000o}{section.9.1}% 100
\BOOKMARK [0][-]{chapter.10}{\376\377\000O\000z\000n\000a\000k\000e\000\040\000i\000\040\000t\000e\000n\000z\000o\000r\000s\000k\000i\000\040\000s\000i\000m\000b\000o\000l\000i}{part.3}% 101
\BOOKMARK [1][-]{subsection.10.0.1}{\376\377\000K\000r\000o\000n\000e\000k\000e\000r\000o\000v\000\040\000i\000j\000\040\000s\000i\000m\000b\000o\000l}{chapter.10}% 102
\BOOKMARK [2][-]{subsection.10.0.2}{\376\377\000A\000j\000n\001\141\000t\000a\000j\000n\000o\000v\000a\000\040\000k\000o\000n\000v\000e\000n\000c\000i\000j\000a\000\040\000o\000\040\000s\000a\000b\000i\000r\000a\000n\000j\000u}{subsection.10.0.1}% 103
\BOOKMARK [2][-]{subsection.10.0.3}{\376\377\000A\000n\000t\000i\000s\000i\000m\000e\000t\000r\000i\001\015\000n\000i\000\040\000K\000r\000o\000n\000e\000k\000e\000r\000o\000v\000\040\000i\000j\000k\000\040\000s\000i\000m\000b\000o\000l}{subsection.10.0.1}% 104
\BOOKMARK [0][-]{chapter.11}{\376\377\000L\000i\000n\000e\000a\000r\000n\000a\000\040\000a\000l\000g\000e\000b\000r\000a}{part.3}% 105
\BOOKMARK [1][-]{section.11.1}{\376\377\000K\000l\000a\000s\000i\001\015\000n\000a\000\040\000a\000l\000g\000e\000b\000r\000a\000\040\000v\000e\000k\000t\000o\000r\000a}{chapter.11}% 106
\BOOKMARK [2][-]{subsection.11.1.1}{\376\377\000D\000e\000f\000i\000n\000i\000c\000i\000j\000a\000\040\000v\000e\000k\000t\000o\000r\000a}{section.11.1}% 107
\BOOKMARK [2][-]{subsection.11.1.2}{\376\377\000L\000i\000n\000e\000a\000r\000n\000e\000\040\000o\000p\000e\000r\000a\000c\000i\000j\000e\000\040\000n\000a\000\040\000s\000k\000u\000p\000u\000\040\000v\000e\000k\000t\000o\000r\000a}{section.11.1}% 108
\BOOKMARK [2][-]{subsection.11.1.3}{\376\377\000L\000i\000n\000e\000a\000r\000n\000a\000\040\000n\000e\000z\000a\000v\000i\000s\000n\000o\000s\000t\000\040\000v\000e\000k\000t\000o\000r\000a\000.\000\040\000B\000a\000z\000a\000\040\000i\000\040\000d\000i\000m\000e\000n\000z\000i\000j\000a}{section.11.1}% 109
\BOOKMARK [2][-]{subsection.11.1.4}{\376\377\000P\000r\000o\000j\000e\000k\000t\000o\000v\000a\000n\000j\000e\000\040\000i\000\040\000s\000k\000a\000l\000a\000r\000n\000i\000\040\000p\000r\000o\000i\000z\000v\000o\000d}{section.11.1}% 110
\BOOKMARK [2][-]{subsection.11.1.5}{\376\377\000V\000e\000k\000t\000o\000r\000s\000k\000i\000\040\000i\000\040\000m\000e\001\141\000o\000v\000i\000t\000i\000\040\000p\000r\000o\000i\000z\000v\000o\000d}{section.11.1}% 111
\BOOKMARK [1][-]{section.11.2}{\376\377\000V\000e\000k\000t\000o\000r\000s\000k\000i\000\040\000p\000r\000o\000s\000t\000o\000r\000i}{chapter.11}% 112
\BOOKMARK [2][-]{subsection.11.2.1}{\376\377\000D\000e\000f\000i\000n\000i\000c\000i\000j\000a\000\040\000i\000\040\000p\000r\000i\000m\000e\000r\000i\000\040\000v\000e\000k\000t\000o\000r\000s\000k\000i\000h\000\040\000p\000r\000o\000s\000t\000o\000r\000a}{section.11.2}% 113
\BOOKMARK [2][-]{subsection.11.2.2}{\376\377\000V\000e\000k\000t\000o\000r\000s\000k\000i\000\040\000p\000r\000o\000s\000t\000o\000r\000i\000\040\000R\000n\000\040\000i\000\040\000C\000n}{section.11.2}% 114
\BOOKMARK [2][-]{subsection.11.2.3}{\376\377\000M\000a\000t\000r\000i\000c\000e}{section.11.2}% 115
\BOOKMARK [2][-]{subsection.11.2.4}{\376\377\000V\000a\001\176\000n\000e\000\040\000v\000r\000s\000t\000e\000\040\000k\000v\000a\000d\000r\000a\000t\000n\000i\000h\000\040\000m\000a\000t\000r\000i\000c\000a}{section.11.2}% 116
\BOOKMARK [2][-]{subsection.11.2.5}{\376\377\000B\000a\000z\000a\000\040\000i\000\040\000d\000i\000m\000e\000n\000z\000i\000j\000a\000\040\000v\000e\000k\000t\000o\000r\000s\000k\000o\000g\000\040\000p\000r\000o\000s\000t\000o\000r\000a}{section.11.2}% 117
\BOOKMARK [2][-]{subsection.11.2.6}{\376\377\000P\000o\000t\000p\000r\000o\000s\000t\000o\000r}{section.11.2}% 118
\BOOKMARK [2][-]{subsection.11.2.7}{\376\377\000S\000u\000m\000a\000\040\000p\000o\000t\000p\000r\000o\000s\000t\000o\000r\000a}{section.11.2}% 119
\BOOKMARK [2][-]{subsection.11.2.8}{\376\377\000F\000a\000k\000t\000o\000r\000\040\000p\000r\000o\000s\000t\000o\000r}{section.11.2}% 120
\BOOKMARK [2][-]{subsection.11.2.9}{\376\377\000M\000a\000t\000r\000i\000c\000a\000\040\000p\000r\000e\000l\000a\000s\000k\000a}{section.11.2}% 121
\BOOKMARK [1][-]{section.11.3}{\376\377\000L\000i\000n\000e\000a\000r\000n\000i\000\040\000o\000p\000e\000r\000a\000t\000o\000r\000i}{chapter.11}% 122
\BOOKMARK [2][-]{subsection.11.3.1}{\376\377\000D\000e\000f\000i\000n\000i\000c\000i\000j\000a\000\040\000i\000\040\000s\000v\000o\000j\000s\000t\000v\000a\000\040\000l\000i\000n\000e\000a\000r\000n\000o\000g\000\040\000o\000p\000e\000r\000a\000t\000o\000r\000a}{section.11.3}% 123
\BOOKMARK [2][-]{subsection.11.3.2}{\376\377\000R\000a\000n\000g\000\040\000i\000\040\000d\000e\000f\000e\000k\000t\000\040\000l\000i\000n\000e\000a\000r\000n\000o\000g\000\040\000o\000p\000e\000r\000a\000t\000o\000r\000a}{section.11.3}% 124
\BOOKMARK [2][-]{subsection.11.3.3}{\376\377\000P\000r\000o\000j\000e\000k\000t\000o\000r\000i}{section.11.3}% 125
\BOOKMARK [2][-]{subsection.11.3.4}{\376\377\000R\000e\000g\000u\000l\000a\000r\000n\000i\000\040\000o\000p\000e\000r\000a\000t\000o\000r\000i}{section.11.3}% 126
\BOOKMARK [2][-]{subsection.11.3.5}{\376\377\000I\000z\000o\000m\000o\000r\000f\000i\000z\000m\000i\000\040\000v\000e\000k\000t\000o\000r\000s\000k\000i\000h\000\040\000p\000r\000o\000s\000t\000o\000r\000a}{section.11.3}% 127
\BOOKMARK [2][-]{subsection.11.3.6}{\376\377\000T\000e\000o\000r\000e\000m\000e\000\040\000o\000\040\000i\000z\000o\000m\000o\000r\000f\000i\000z\000m\000u}{section.11.3}% 128
\BOOKMARK [2][-]{subsection.11.3.7}{\376\377\000T\000a\001\015\000n\000i\000\040\000\050\000e\000g\000z\000a\000k\000t\000n\000i\000\051\000\040\000n\000i\000z\000o\000v\000i}{section.11.3}% 129
\BOOKMARK [2][-]{subsection.11.3.8}{\376\377\000A\000l\000g\000e\000b\000r\000a\000\040\000V}{section.11.3}% 130
\BOOKMARK [2][-]{subsection.11.3.9}{\376\377\000R\000a\000n\000g\000\040\000m\000a\000t\000r\000i\000c\000e}{section.11.3}% 131
\BOOKMARK [2][-]{subsection.11.3.10}{\376\377\000O\000d\000r\000e\001\021\000i\000v\000a\000n\000j\000e\000\040\000i\000n\000v\000e\000r\000z\000n\000e\000\040\000m\000a\000t\000r\000i\000c\000e}{section.11.3}% 132
\BOOKMARK [2][-]{subsection.11.3.11}{\376\377\000L\000i\000n\000.\000\040\000f\000u\000n\000k\000c\000i\000o\000n\000a\000l\000i\000,\000\040\000d\000u\000a\000l\000n\000a\000\040\000b\000a\000z\000a\000,\000\040\000a\000n\000i\000h\000i\000l\000a\000t\000o\000r\000,\000\040\000r\000e\000f\000l\000e\000k\000s\000i\000v\000n\000o\000s\000t}{section.11.3}% 133
\BOOKMARK [2][-]{subsection.11.3.12}{\376\377\000D\000u\000a\000l\000n\000o\000\040\000\050\000t\000r\000a\000n\000s\000p\000o\000n\000o\000v\000a\000n\000o\000\051\000\040\000p\000r\000e\000s\000l\000i\000k\000a\000v\000a\000n\000j\000e}{section.11.3}% 134
\BOOKMARK [2][-]{subsection.11.3.13}{\376\377\000Z\000a\000v\000i\000s\000n\000o\000s\000t\000\040\000m\000a\000t\000r\000i\000c\000e\000\040\000o\000p\000e\000r\000a\000t\000o\000r\000a\000\040\000o\000d\000\040\000b\000a\000z\000e}{section.11.3}% 135
\BOOKMARK [1][-]{section.11.4}{\376\377\000D\000e\000t\000e\000r\000m\000i\000n\000a\000n\000t\000e}{chapter.11}% 136
\BOOKMARK [2][-]{subsection.11.4.1}{\376\377\000S\000i\000m\000e\000t\000r\000i\001\015\000n\000a\000\040\000g\000r\000u\000p\000a\000\040\000S\000n}{section.11.4}% 137
\BOOKMARK [2][-]{subsection.11.4.2}{\376\377\000P\000a\000r\000n\000o\000s\000t\000\040\000p\000e\000r\000m\000u\000t\000a\000c\000i\000j\000a}{section.11.4}% 138
\BOOKMARK [2][-]{subsection.11.4.3}{\376\377\000C\000i\000k\000l\000u\000s}{section.11.4}% 139
\BOOKMARK [2][-]{subsection.11.4.4}{\376\377\000D\000e\000f\000i\000n\000i\000c\000i\000j\000a\000\040\000d\000e\000t\000e\000r\000m\000i\000n\000a\000n\000t\000e\000\040\000\050\000L\000a\000j\000b\000n\000i\000c\000o\000v\000a\000\040\000f\000o\000r\000m\000u\000l\000a\000\051}{section.11.4}% 140
\BOOKMARK [2][-]{subsection.11.4.5}{\376\377\000M\000u\000l\000t\000i\000l\000i\000n\000e\000a\000r\000n\000o\000s\000t\000\040\000d\000e\000t\000e\000r\000m\000i\000n\000a\000n\000t\000e}{section.11.4}% 141
\BOOKMARK [2][-]{subsection.11.4.6}{\376\377\000I\000n\000d\000u\000k\000t\000i\000v\000n\000a\000\040\000d\000e\000f\000i\000n\000i\000c\000i\000j\000a\000\040\000d\000e\000t\000e\000r\000m\000i\000n\000a\000n\000t\000e\000\040\000i\000\040\000L\000a\000p\000l\000a\000s\000o\000v\000\040\000r\000a\000z\000v\000o\000j}{section.11.4}% 142
\BOOKMARK [2][-]{subsection.11.4.7}{\376\377\000D\000e\000t\000e\000r\000m\000i\000n\000a\000n\000t\000a\000\040\000m\000a\000t\000r\000i\000c\000e\000\040\000i\000\040\000e\000l\000e\000m\000e\000n\000t\000a\000r\000n\000e\000\040\000t\000r\000a\000n\000s\000f\000o\000r\000m\000a\000c\000i\000j\000e}{section.11.4}% 143
\BOOKMARK [2][-]{subsection.11.4.8}{\376\377\000V\000a\000n\000d\000e\000r\000m\000o\000n\000d\000o\000v\000a\000\040\000d\000e\000t\000e\000r\000m\000i\000n\000a\000n\000t\000a}{section.11.4}% 144
\BOOKMARK [2][-]{subsection.11.4.9}{\376\377\000R\000a\001\015\000u\000n\000a\000n\000j\000e\000\040\000d\000e\000t\000e\000r\000m\000i\000n\000a\000n\000t\000i\000\040\000p\000r\000e\000k\000o\000\040\000r\000e\000k\000u\000r\000e\000n\000t\000n\000i\000h\000\040\000r\000e\000l\000a\000c\000i\000j\000a}{section.11.4}% 145
\BOOKMARK [2][-]{subsection.11.4.10}{\376\377\000B\000i\000n\000e\000-\000K\000o\001\141\000i\000j\000e\000v\000a\000\040\000t\000e\000o\000r\000e\000m\000a}{section.11.4}% 146
\BOOKMARK [2][-]{subsection.11.4.11}{\376\377\000L\000e\000m\000a\000\040\000o\000\040\000m\000n\000o\001\176\000e\000n\000j\000u\000\040\000b\000l\000o\000k\000\040\000m\000a\000t\000r\000i\000c\000a}{section.11.4}% 147
\BOOKMARK [2][-]{subsection.11.4.12}{\376\377\000K\000a\000r\000a\000k\000t\000e\000r\000i\000z\000a\000c\000i\000j\000a\000\040\000d\000e\000t\000e\000r\000m\000i\000n\000a\000n\000t\000e}{section.11.4}% 148
\BOOKMARK [1][-]{section.11.5}{\376\377\000S\000i\000s\000t\000e\000m\000i\000\040\000l\000i\000n\000e\000a\000r\000n\000i\000h\000\040\000j\000e\000d\000n\000a\001\015\000i\000n\000a}{chapter.11}% 149
\BOOKMARK [2][-]{subsection.11.5.1}{\376\377\000D\000e\000f\000i\000n\000i\000c\000i\000j\000a\000\040\000s\000i\000s\000t\000e\000m\000a\000\040\000l\000i\000n\000e\000a\000r\000n\000i\000h\000\040\000j\000e\000d\000n\000a\001\015\000i\000n\000a}{section.11.5}% 150
\BOOKMARK [2][-]{subsection.11.5.2}{\376\377\000G\000e\000o\000m\000e\000t\000r\000i\000j\000s\000k\000a\000\040\000i\000n\000t\000e\000r\000p\000r\000e\000t\000a\000c\000i\000j\000a\000\040\000s\000i\000s\000t\000e\000m\000a\000\040\000l\000i\000n\000e\000a\000r\000n\000i\000h\000\040\000j\000e\000d\000n\000a\001\015\000i\000n\000a}{section.11.5}% 151
\BOOKMARK [2][-]{subsection.11.5.3}{\376\377\000H\000o\000m\000o\000g\000e\000n\000i\000\040\000s\000i\000s\000t\000e\000m\000i\000\040\000l\000i\000n\000e\000a\000r\000n\000i\000h\000\040\000j\000e\000d\000n\000a\001\015\000i\000n\000a}{section.11.5}% 152
\BOOKMARK [2][-]{subsection.11.5.4}{\376\377\000N\000e\000h\000o\000m\000o\000g\000e\000n\000i\000\040\000s\000i\000s\000t\000e\000m\000i\000\040\000l\000i\000n\000e\000a\000r\000n\000i\000h\000\040\000j\000e\000d\000n\000a\001\015\000i\000n\000a}{section.11.5}% 153
\BOOKMARK [2][-]{subsection.11.5.5}{\376\377\000G\000a\000u\000s\000o\000v\000a\000\040\000m\000e\000t\000o\000d\000a\000\040\000e\000l\000i\000m\000i\000n\000a\000c\000i\000j\000e}{section.11.5}% 154
\BOOKMARK [1][-]{section.11.6}{\376\377\000R\000e\000d\000u\000k\000c\000i\000j\000a\000\040\000l\000i\000n\000e\000a\000r\000n\000i\000h\000\040\000o\000p\000e\000r\000a\000t\000o\000r\000a\000\040\000n\000a\000\040\000k\000o\000n\000a\001\015\000n\000o\000d\000i\000m\000e\000n\000z\000i\000o\000n\000i\000m\000\040\000p\000r\000o\000s\000t\000o\000r\000i\000m\000a}{chapter.11}% 155
\BOOKMARK [2][-]{subsection.11.6.1}{\376\377\000R\000e\000d\000u\000k\000c\000i\000j\000a\000\040\000l\000i\000n\000e\000a\000r\000n\000o\000g\000\040\000o\000p\000e\000r\000a\000t\000o\000r\000a}{section.11.6}% 156
\BOOKMARK [2][-]{subsection.11.6.2}{\376\377\000I\000n\000v\000a\000r\000i\000j\000a\000n\000t\000n\000i\000\040\000p\000o\000t\000p\000r\000o\000s\000t\000o\000r\000i}{section.11.6}% 157
\BOOKMARK [2][-]{subsection.11.6.3}{\376\377\000D\000e\000k\000o\000m\000p\000o\000z\000a\000b\000i\000l\000n\000i\000\040\000i\000\040\000i\000r\000e\000d\000u\000c\000i\000b\000i\000l\000n\000i\000\040\000o\000p\000e\000r\000a\000t\000o\000r\000i}{section.11.6}% 158
\BOOKMARK [2][-]{subsection.11.6.4}{\376\377\000K\000a\000r\000a\000k\000t\000e\000r\000i\000s\000t\000i\001\015\000n\000i\000\040\000p\000o\000l\000i\000n\000o\000m\000\040\000i\000\040\000i\000n\000v\000a\000r\000i\000j\000a\000n\000t\000e\000\040\000s\000l\000i\001\015\000n\000o\000s\000t\000i}{section.11.6}% 159
\BOOKMARK [2][-]{subsection.11.6.5}{\376\377\000H\000a\000m\000i\000l\000t\000o\000n\000-\000K\000e\000j\000l\000i\000j\000e\000v\000a\000\040\000t\000e\000o\000r\000e\000m\000a}{section.11.6}% 160
\BOOKMARK [2][-]{subsection.11.6.6}{\376\377\000M\000i\000n\000i\000m\000a\000l\000n\000i\000\040\000p\000o\000l\000i\000n\000o\000m\000\040\000m\000a\000t\000r\000i\000c\000e}{section.11.6}% 161
\BOOKMARK [2][-]{subsection.11.6.7}{\376\377\000S\000o\000p\000s\000t\000v\000e\000n\000e\000\040\000v\000r\000e\000d\000n\000o\000s\000t\000i\000\040\000l\000i\000n\000e\000a\000r\000n\000o\000g\000\040\000o\000p\000e\000r\000a\000t\000o\000r\000a}{section.11.6}% 162
\BOOKMARK [2][-]{subsection.11.6.8}{\376\377\000D\000i\000j\000a\000g\000o\000n\000a\000l\000i\000z\000a\000c\000i\000j\000a\000\040\000l\000i\000n\000e\000a\000r\000n\000o\000g\000\040\000o\000p\000e\000r\000a\000t\000o\000r\000a}{section.11.6}% 163
\BOOKMARK [2][-]{subsection.11.6.9}{\376\377\000S\000v\000o\001\021\000e\000n\000j\000e\000\040\000m\000a\000t\000r\000i\000c\000e\000\040\000o\000p\000e\000r\000a\000t\000o\000r\000a\000\040\000n\000a\000\040\000t\000r\000o\000u\000g\000a\000o\000n\000i\000\040\000o\000b\000l\000i\000k}{section.11.6}% 164
\BOOKMARK [2][-]{subsection.11.6.10}{\376\377\000I\000r\000e\000d\000u\000c\000i\000b\000i\000l\000n\000i\000\040\000f\000a\000k\000t\000o\000r\000i\000\040\000k\000a\000r\000a\000k\000t\000e\000r\000i\000s\000t\000i\001\015\000n\000o\000g\000\040\000p\000o\000l\000i\000n\000o\000m\000a\000\040\000i\000\040\000i\000n\000v\000a\000r\000i\000j\000a\000n\000t\000n\000i\000\040\000p\000o\000t\000p\000r\000o\000s\000t\000o\000r\000i}{section.11.6}% 165
\BOOKMARK [2][-]{subsection.11.6.11}{\376\377\000N\000i\000l\000p\000o\000t\000e\000n\000t\000n\000i\000\040\000o\000p\000e\000r\000a\000t\000o\000r\000i}{section.11.6}% 166
\BOOKMARK [2][-]{subsection.11.6.12}{\376\377\001\175\000o\000r\000d\000a\000n\000o\000v\000a\000\040\000n\000o\000r\000m\000a\000l\000n\000a\000\040\000f\000o\000r\000m\000a}{section.11.6}% 167
\BOOKMARK [2][-]{subsection.11.6.13}{\376\377\000I\000n\000v\000a\000r\000i\000j\000a\000n\000t\000n\000o\000s\000t\000\040\000l\000i\000n\000e\000a\000r\000n\000i\000h\000\040\000o\000p\000e\000r\000a\000t\000o\000r\000a\000\040\000n\000a\000d\000\040\000r\000e\000a\000l\000n\000i\000m\000\040\000v\000e\000k\000.\000\040\000p\000r\000o\000s\000t\000o\000r\000i\000m\000a\000\040\000-\000\040\000k\000o\000m\000p\000l\000e\000k\000s\000i\000f\000i\000k\000a\000c\000i\000j\000a\000\040\000r\000e\000a\000l\000n\000o\000g\000\040\000v\000e\000k\000t\000o\000r\000s\000k\000o\000g\000\040\000p\000r\000o\000s\000t\000o\000r\000a}{section.11.6}% 168
\BOOKMARK [1][-]{section.11.7}{\376\377\000U\000n\000i\000t\000a\000r\000n\000i\000\040\000p\000r\000o\000s\000t\000o\000r\000i}{chapter.11}% 169
\BOOKMARK [2][-]{subsection.11.7.1}{\376\377\000D\000e\000f\000i\000n\000i\000c\000i\000j\000a\000\040\000u\000n\000i\000t\000a\000r\000n\000o\000g\000\040\000p\000r\000o\000s\000t\000o\000r\000a}{section.11.7}% 170
\BOOKMARK [2][-]{subsection.11.7.2}{\376\377\000V\000a\001\176\000n\000i\000\040\000p\000r\000i\000m\000e\000r\000i\000\040\000u\000n\000i\000t\000a\000r\000n\000i\000h\000\040\000p\000r\000o\000s\000t\000o\000r\000a}{section.11.7}% 171
\BOOKMARK [2][-]{subsection.11.7.3}{\376\377\000O\000r\000t\000o\000g\000o\000n\000a\000l\000n\000o\000s\000t}{section.11.7}% 172
\BOOKMARK [2][-]{subsection.11.7.4}{\376\377\000N\000o\000r\000m\000a\000.\000\040\000U\000g\000a\000o\000.\000\040\000B\000u\000n\000j\000a\000k\000o\000v\000s\000k\000i\000-\000K\000o\001\141\000i\000-\001\140\000v\000a\000r\000c\000o\000v\000a\000\040\000n\000e\000j\000e\000d\000n\000a\000k\000o\000s\000t}{section.11.7}% 173
\BOOKMARK [2][-]{subsection.11.7.5}{\376\377\000O\000r\000t\000o\000n\000o\000r\000m\000i\000r\000a\000n\000a\000\040\000b\000a\000z\000a\000.\000\040\000G\000r\000a\000m\000-\001\140\000m\000i\000t\000o\000v\000\040\000p\000o\000s\000t\000u\000p\000a\000k}{section.11.7}% 174
\BOOKMARK [2][-]{subsection.11.7.6}{\376\377\000F\000u\000r\000i\000j\000e\000o\000v\000i\000\040\000k\000o\000e\000f\000i\000c\000i\000j\000e\000n\000t\000i\000\040\000i\000\040\000n\000j\000i\000h\000o\000v\000a\000\040\000s\000v\000o\000j\000s\000t\000v\000a}{section.11.7}% 175
\BOOKMARK [2][-]{subsection.11.7.7}{\376\377\000O\000r\000t\000o\000g\000o\000n\000a\000l\000n\000i\000\040\000k\000o\000m\000p\000l\000e\000m\000e\000n\000t}{section.11.7}% 176
\BOOKMARK [2][-]{subsection.11.7.8}{\376\377\000H\000e\000r\000m\000i\000t\000s\000k\000o\000\040\000k\000o\000n\000j\000u\000g\000o\000v\000a\000n\000j\000e}{section.11.7}% 177
\BOOKMARK [2][-]{subsection.11.7.9}{\376\377\000G\000r\000a\000m\000o\000v\000a\000\040\000m\000a\000t\000r\000i\000c\000a\000\040\000i\000\040\000G\000r\000a\000m\000o\000v\000a\000\040\000d\000e\000t\000e\000r\000m\000i\000n\000a\000n\000t\000a}{section.11.7}% 178
\BOOKMARK [2][-]{subsection.11.7.10}{\376\377\000L\000i\000n\000e\000a\000r\000n\000i\000\040\000f\000u\000n\000k\000c\000i\000o\000n\000a\000l\000i\000\040\000u\000\040\000u\000n\000i\000t\000a\000r\000n\000i\000m\000\040\000p\000r\000o\000s\000t\000o\000r\000i\000m\000a}{section.11.7}% 179
\BOOKMARK [2][-]{subsection.11.7.11}{\376\377\000H\000e\000r\000m\000i\000t\000s\000k\000i\000\040\000a\000d\000j\000u\000n\000g\000o\000v\000a\000n\000i\000\040\000o\000p\000e\000r\000a\000t\000o\000r}{section.11.7}% 180
\BOOKMARK [2][-]{subsection.11.7.12}{\376\377\000O\000r\000t\000o\000g\000o\000n\000a\000l\000n\000i\000\040\000p\000r\000o\000j\000e\000k\000t\000o\000r}{section.11.7}% 181
\BOOKMARK [2][-]{subsection.11.7.13}{\376\377\000N\000e\000k\000e\000\040\000v\000a\001\176\000n\000e\000\040\000k\000l\000a\000s\000e\000\040\000o\000p\000e\000r\000a\000t\000o\000r\000a}{section.11.7}% 182
\BOOKMARK [2][-]{subsection.11.7.14}{\376\377\000I\000z\000o\000m\000o\000r\000f\000i\000z\000m\000i\000\040\000u\000n\000i\000t\000a\000r\000n\000i\000h\000\040\000p\000r\000o\000s\000t\000o\000r\000a}{section.11.7}% 183
\BOOKMARK [2][-]{subsection.11.7.15}{\376\377\000N\000o\000r\000m\000a\000l\000n\000i\000\040\000o\000p\000e\000r\000a\000t\000o\000r\000i}{section.11.7}% 184
\BOOKMARK [2][-]{subsection.11.7.16}{\376\377\000N\000o\000r\000m\000a\000l\000n\000i\000\040\000o\000p\000e\000r\000a\000t\000o\000r\000i\000\040\000n\000a\000\040\000r\000e\000a\000l\000n\000i\000m\000\040\000p\000r\000o\000s\000t\000o\000r\000i\000m\000a}{section.11.7}% 185
\BOOKMARK [2][-]{subsection.11.7.17}{\376\377\000S\000i\000m\000e\000t\000r\000i\001\015\000n\000e\000\040\000m\000a\000t\000r\000i\000c\000e}{section.11.7}% 186
\BOOKMARK [2][-]{subsection.11.7.18}{\376\377\000H\000e\000r\000m\000i\000t\000s\000k\000i\000\040\000o\000p\000e\000r\000a\000t\000o\000r\000i}{section.11.7}% 187
\BOOKMARK [2][-]{subsection.11.7.19}{\376\377\000K\000o\000s\000o\000s\000i\000m\000e\000t\000r\000i\001\015\000n\000e\000\040\000\050\000a\000n\000t\000i\000s\000i\000m\000e\000n\000t\000r\000i\001\015\000n\000e\000\051\000\040\000m\000a\000t\000r\000i\000c\000e}{section.11.7}% 188
\BOOKMARK [2][-]{subsection.11.7.20}{\376\377\000A\000n\000t\000i\000h\000e\000r\000m\000i\000t\000s\000k\000i\000\040\000o\000p\000e\000r\000a\000t\000o\000r\000i}{section.11.7}% 189
\BOOKMARK [2][-]{subsection.11.7.21}{\376\377\000O\000r\000t\000o\000g\000o\000n\000a\000l\000n\000e\000\040\000m\000a\000t\000r\000i\000c\000e}{section.11.7}% 190
\BOOKMARK [2][-]{subsection.11.7.22}{\376\377\000U\000n\000i\000t\000a\000r\000n\000i\000\040\000o\000p\000e\000r\000a\000t\000o\000r\000i}{section.11.7}% 191
\BOOKMARK [2][-]{subsection.11.7.23}{\376\377\000K\000v\000a\000d\000r\000a\000t\000n\000i\000\040\000k\000o\000r\000e\000n\000\040\000o\000p\000e\000r\000a\000t\000o\000r\000a}{section.11.7}% 192
\BOOKMARK [2][-]{subsection.11.7.24}{\376\377\000D\000e\000k\000a\000r\000t\000o\000v\000a\000\040\000i\000\040\000p\000o\000l\000a\000r\000n\000a\000\040\000f\000o\000r\000m\000a\000\040\000l\000i\000n\000e\000a\000r\000n\000o\000g\000\040\000o\000p\000e\000r\000a\000t\000o\000r\000a}{section.11.7}% 193
\BOOKMARK [1][-]{section.11.8}{\376\377\000B\000i\000l\000i\000n\000e\000a\000r\000n\000e\000\040\000i\000\040\000k\000v\000a\000d\000r\000a\000t\000n\000e\000\040\000f\000o\000r\000m\000e}{chapter.11}% 194
\BOOKMARK [2][-]{subsection.11.8.1}{\376\377\000D\000e\000f\000i\000n\000i\000c\000i\000j\000a\000\040\000b\000i\000l\000i\000n\000e\000a\000r\000n\000o\000g\000\040\000f\000u\000n\000k\000c\000i\000o\000n\000a\000l\000a}{section.11.8}% 195
\BOOKMARK [2][-]{subsection.11.8.2}{\376\377\000M\000a\000t\000r\000i\000c\000a\000\040\000h\000e\000r\000m\000i\000t\000s\000k\000o\000g\000\040\000b\000i\000l\000i\000n\000e\000a\000r\000n\000o\000g\000\040\000f\000u\000n\000k\000c\000i\000o\000n\000a\000l\000a}{section.11.8}% 196
\BOOKMARK [2][-]{subsection.11.8.3}{\376\377\000K\000o\000n\000g\000r\000u\000e\000n\000t\000n\000o\000s\000t\000\040\000m\000a\000t\000r\000i\000c\000a\000.\000\040\000R\000a\000n\000g\000\040\000i\000\040\000j\000e\000z\000g\000r\000o\000\040\000h\000e\000r\000m\000i\000t\000s\000k\000o\000g\000\040\000b\000i\000l\000i\000n\000e\000r\000n\000o\000g\000\040\000f\000u\000n\000k\000c\000i\000o\000n\000a\000l\000a\000.}{section.11.8}% 197
\BOOKMARK [2][-]{subsection.11.8.4}{\376\377\000K\000v\000a\000d\000r\000a\000t\000n\000e\000\040\000f\000o\000r\000m\000e\000\040\000\050\000f\000u\000n\000k\000c\000i\000o\000n\000a\000l\000i\000\051}{section.11.8}% 198
\BOOKMARK [2][-]{subsection.11.8.5}{\376\377\000K\000a\000r\000a\000k\000t\000e\000r\000i\000z\000a\000c\000i\000j\000a\000\040\000h\000e\000r\000m\000i\000t\000s\000k\000i\000h\000\040\000b\000i\000l\000i\000n\000e\000a\000r\000n\000i\000h\000\040\000f\000u\000n\000k\000c\000i\000o\000n\000a\000l\000a\000\040\000u\000\040\000u\000n\000i\000t\000a\000r\000n\000o\000m\000\040\000p\000r\000o\000s\000t\000o\000r\000u}{section.11.8}% 199
\BOOKMARK [2][-]{subsection.11.8.6}{\376\377\000Z\000a\000k\000o\000n\000\040\000i\000n\000e\000r\000c\000i\000j\000e\000\040\000z\000a\000\040\000h\000e\000r\000m\000i\000t\000s\000k\000i\000\040\000k\000v\000a\000d\000r\000a\000t\000n\000i\000\040\000f\000u\000n\000k\000c\000i\000o\000n\000a\000l}{section.11.8}% 200
\BOOKMARK [2][-]{subsection.11.8.7}{\376\377\000D\000i\000j\000a\000g\000o\000n\000a\000l\000i\000z\000a\000c\000i\000j\000a\000\040\000h\000e\000r\000m\000i\000t\000s\000k\000e\000\040\000k\000v\000a\000d\000r\000a\000t\000n\000e\000\040\000f\000o\000r\000m\000e\000.\000\040\000L\000a\000g\000r\000a\000n\001\176\000e\000v\000\040\000a\000l\000g\000o\000r\000i\000t\000a\000m\000.}{section.11.8}% 201
\BOOKMARK [2][-]{subsection.11.8.8}{\376\377\000J\000a\000k\000o\000b\000i\000j\000e\000v\000\040\000a\000l\000g\000o\000r\000i\000t\000a\000m}{section.11.8}% 202
\BOOKMARK [2][-]{subsection.11.8.9}{\376\377\000K\000a\000r\000a\000k\000t\000e\000r\000i\000z\000a\000c\000i\000j\000a\000\040\000p\000o\000z\000i\000t\000i\000v\000n\000o\000s\000t\000i\000\040\000b\000i\000l\000i\000n\000e\000a\000r\000n\000e\000\040\000h\000e\000r\000m\000i\000t\000s\000k\000e\000\040\000f\000o\000r\000m\000e}{section.11.8}% 203
\BOOKMARK [2][-]{subsection.11.8.10}{\376\377\000I\000s\000t\000o\000v\000r\000e\000m\000e\000n\000a\000\040\000d\000i\000j\000a\000g\000o\000n\000a\000l\000i\000z\000a\000c\000i\000j\000a\000\040\000p\000a\000r\000a\000\040\000h\000e\000r\000m\000i\000t\000s\000k\000i\000h\000\040\000k\000v\000a\000d\000r\000a\000t\000n\000i\000h\000\040\000f\000o\000r\000m\000i}{section.11.8}% 204
\BOOKMARK [0][-]{chapter.12}{\376\377\000A\000n\000a\000l\000i\000t\000i\001\015\000k\000a\000\040\000g\000e\000o\000m\000e\000t\000r\000i\000j\000a}{part.3}% 205
\BOOKMARK [1][-]{section.12.1}{\376\377\000P\000r\000a\000v\000a\000\040\000u\000\040\000r\000a\000v\000n\000i}{chapter.12}% 206
\BOOKMARK [2][-]{subsection.12.1.1}{\376\377\000R\000a\000s\000t\000o\000j\000a\000n\000j\000e\000\040\000t\000a\001\015\000k\000e\000\040\000o\000d\000\040\000p\000r\000a\000v\000e}{section.12.1}% 207
\BOOKMARK [2][-]{subsection.12.1.2}{\376\377\000U\000g\000a\000o\000\040\000i\000z\000m\000e\001\021\000u\000\040\000d\000v\000e\000\040\000p\000r\000a\000v\000e}{section.12.1}% 208
\BOOKMARK [1][-]{section.12.2}{\376\377\000P\000r\000a\000v\000a\000\040\000i\000\040\000r\000a\000v\000a\000n\000\040\000u\000\040\000p\000r\000o\000s\000t\000o\000r\000u}{chapter.12}% 209
\BOOKMARK [2][-]{subsection.12.2.1}{\376\377\000R\000a\000s\000t\000o\000j\000a\000n\000j\000e\000\040\000o\000d\000\040\000r\000a\000v\000n\000i\000\040\000i\000\040\000p\000r\000a\000v\000e}{section.12.2}% 210
\BOOKMARK [2][-]{subsection.12.2.2}{\376\377\000M\000i\000m\000o\000i\000l\000a\000z\000n\000e\000\040\000p\000r\000a\000v\000e}{section.12.2}% 211
\BOOKMARK [1][-]{section.12.3}{\376\377\000A\000n\000a\000l\000i\000t\000i\001\015\000k\000a\000\040\000g\000e\000o\000m\000e\000t\000r\000i\000j\000a\000\040\000u\000\040\000R\000n}{chapter.12}% 212
\BOOKMARK [-1][-]{part.4}{\376\377\000I\000V\000\040\000M\000a\000t\000e\000m\000a\000t\000i\001\015\000k\000a\000\040\000a\000n\000a\000l\000i\000z\000a}{}% 213
\BOOKMARK [0][-]{chapter.13}{\376\377\000N\000i\000z\000o\000v\000i\000\040\000i\000\040\000g\000r\000a\000n\000i\001\015\000n\000e\000\040\000v\000r\000e\000d\000n\000o\000s\000t\000i}{part.4}% 214
\BOOKMARK [1][-]{section.13.1}{\376\377\000N\000i\000z\000o\000v\000i}{chapter.13}% 215
\BOOKMARK [2][-]{subsection.13.1.1}{\376\377\000L\000i\000m\000e\000s\000\040\000n\000i\000z\000a}{section.13.1}% 216
\BOOKMARK [2][-]{subsection.13.1.2}{\376\377\000M\000o\000n\000o\000t\000o\000n\000i\000\040\000n\000i\000z\000o\000v\000i}{section.13.1}% 217
\BOOKMARK [2][-]{subsection.13.1.3}{\376\377\000P\000o\000d\000n\000i\000z\000o\000v\000i\000,\000\040\000t\000a\001\015\000k\000e\000\040\000n\000a\000g\000o\000m\000i\000l\000a\000v\000a\000n\000j\000a\000,\000\040\000g\000o\000r\000n\000j\000i\000\040\000i\000\040\000d\000o\000n\000j\000i\000\040\000l\000i\000m\000e\000s}{section.13.1}% 218
\BOOKMARK [2][-]{subsection.13.1.4}{\376\377\000K\000o\001\141\000i\000j\000e\000v\000\040\000k\000r\000i\000t\000e\000r\000i\000j\000u\000m\000\040\000k\000o\000n\000v\000e\000r\000g\000e\000n\000c\000i\000j\000e}{section.13.1}% 219
\BOOKMARK [0][-]{chapter.14}{\376\377\000R\000e\000a\000l\000n\000a\000\040\000a\000n\000a\000l\000i\000z\000a\000\040\000j\000e\000d\000n\000e\000\040\000p\000r\000o\000m\000e\000n\000l\000j\000i\000v\000e}{part.4}% 220
\BOOKMARK [1][-]{section.14.1}{\376\377\000L\000i\000m\000e\000s\000i\000\040\000i\000\040\000n\000e\000p\000r\000e\000k\000i\000d\000n\000o\000s\000t\000\040\000f\000u\000n\000k\000c\000i\000j\000a}{chapter.14}% 221
\BOOKMARK [2][-]{subsection.14.1.1}{\376\377\000F\000u\000n\000k\000c\000i\000j\000e}{section.14.1}% 222
\BOOKMARK [2][-]{subsection.14.1.2}{\376\377\000O\000s\000n\000o\000v\000n\000o\000\040\000o\000\040\000s\000v\000o\000j\000s\000t\000v\000u\000\040\000n\000e\000p\000r\000e\000k\000i\000d\000n\000o\000s\000t\000i}{section.14.1}% 223
\BOOKMARK [2][-]{subsection.14.1.3}{\376\377\000N\000e\000p\000r\000e\000k\000i\000d\000n\000o\000s\000t\000\040\000f\000u\000n\000k\000c\000i\000j\000a}{section.14.1}% 224
\BOOKMARK [2][-]{subsection.14.1.4}{\376\377\000P\000o\000z\000n\000a\000t\000i\000\040\000l\000i\000m\000e\000s\000i}{section.14.1}% 225
\BOOKMARK [2][-]{subsection.14.1.5}{\376\377\000U\000p\000o\000r\000e\001\021\000i\000v\000a\000n\000j\000e\000\040\000b\000e\000s\000k\000o\000n\000a\001\015\000n\000o\000s\000t\000i}{section.14.1}% 226
\BOOKMARK [2][-]{subsection.14.1.6}{\376\377\000T\000e\000o\000r\000e\000m\000e}{section.14.1}% 227
\BOOKMARK [1][-]{section.14.2}{\376\377\000A\000s\000i\000m\000p\000t\000o\000t\000e}{chapter.14}% 228
\BOOKMARK [2][-]{subsection.14.2.1}{\376\377\000K\000o\000s\000a\000\040\000a\000s\000i\000m\000p\000t\000o\000t\000a}{section.14.2}% 229
\BOOKMARK [1][-]{section.14.3}{\376\377\000I\000z\000v\000o\000d\000i}{chapter.14}% 230
\BOOKMARK [2][-]{subsection.14.3.1}{\376\377\000P\000o\000z\000n\000a\000t\000i\000\040\000i\000z\000v\000o\000d\000i}{section.14.3}% 231
\BOOKMARK [2][-]{subsection.14.3.2}{\376\377\000L\000a\000j\000b\000n\000i\000c\000o\000v\000a\000\040\000f\000o\000r\000m\000u\000l\000a}{section.14.3}% 232
\BOOKMARK [2][-]{subsection.14.3.3}{\376\377\000F\000e\000r\000m\000a\000o\000v\000a\000,\000\040\000R\000o\000l\000o\000v\000a\000,\000\040\000K\000o\001\141\000i\000j\000e\000v\000a\000\040\000i\000\040\000L\000a\000g\000r\000a\000n\001\176\000o\000v\000a\000\040\000t\000e\000o\000r\000e\000m\000a}{section.14.3}% 233
\BOOKMARK [1][-]{section.14.4}{\376\377\000T\000e\000j\000l\000o\000r\000o\000v\000\040\000r\000a\000z\000v\000o\000j}{chapter.14}% 234
\BOOKMARK [2][-]{subsection.14.4.1}{\376\377\000O\000p\001\141\000t\000a\000\040\000f\000o\000r\000m\000u\000l\000a\000\040\000T\000e\000j\000l\000o\000r\000o\000v\000o\000g\000\040\000r\000a\000z\000v\000o\000j\000a\000\040\000i\000\040\000o\000s\000t\000a\000c\000i}{section.14.4}% 235
\BOOKMARK [2][-]{subsection.14.4.2}{\376\377\000R\000a\000z\000v\000o\000j\000i\000\040\000e\000l\000e\000m\000e\000n\000t\000a\000r\000n\000i\000h\000\040\000f\000u\000n\000k\000c\000i\000j\000a\000\040\000\050\000M\000a\000k\000l\000o\000r\000e\000n\000o\000v\000\040\000p\000o\000l\000i\000n\000o\000m\000\051}{section.14.4}% 236
\BOOKMARK [1][-]{section.14.5}{\376\377\000I\000n\000t\000e\000g\000r\000a\000l\000i}{chapter.14}% 237
\BOOKMARK [2][-]{subsection.14.5.1}{\376\377\000P\000o\000z\000n\000a\000t\000i\000\040\000i\000n\000t\000e\000g\000r\000a\000l\000i}{section.14.5}% 238
\BOOKMARK [2][-]{subsection.14.5.2}{\376\377\000I\000z\000v\000e\000d\000e\000n\000i\000\040\000i\000n\000t\000e\000g\000r\000a\000l\000i}{section.14.5}% 239
\BOOKMARK [-1][-]{part.5}{\376\377\000V\000\040\000P\000r\000i\000m\000e\000n\000j\000e\000n\000a\000\040\000m\000a\000t\000e\000m\000a\000t\000i\000k\000a}{}% 240
\BOOKMARK [0][-]{chapter.15}{\376\377\000V\000e\000r\000o\000v\000a\000t\000n\000o\001\007\000a}{part.5}% 241
\BOOKMARK [0][-]{chapter.16}{\376\377\000S\000t\000a\000t\000i\000s\000t\000i\000k\000a}{part.5}% 242
\BOOKMARK [0][-]{chapter.17}{\376\377\000N\000u\000m\000e\000r\000i\001\015\000k\000a\000\040\000a\000n\000a\000l\000i\000z\000a}{part.5}% 243
